C51 COMPILER V9.60.0.0   PCF8591                                                           05/30/2021 09:56:29 PAGE 1   


C51 COMPILER V9.60.0.0, COMPILATION OF MODULE PCF8591
OBJECT MODULE PLACED IN PCF8591.obj
COMPILER INVOKED BY: D:\Software\keil5\C51\BIN\C51.EXE driver\PCF8591.c OPTIMIZE(8,SPEED) BROWSE INCDIR(.\driver) DEBUG 
                    -OBJECTEXTEND PRINT(.\PCF8591.lst) TABS(2) OBJECT(PCF8591.obj)

line level    source

   1          #include "PCF8591.h"
   2          
   3          unsigned char PCF8591_Adc(void)
   4          {
   5   1        unsigned char temp;
   6   1      
   7   1        IIC_Start();
   8   1        IIC_SendByte(0x90);
   9   1        IIC_WaitAck();
  10   1      
  11   1        IIC_SendByte(0x43);         // 允许DAC，ADC通道3
  12   1        IIC_WaitAck();
  13   1      
  14   1        IIC_Start();
  15   1        IIC_SendByte(0x91);
  16   1        IIC_WaitAck();
  17   1      
  18   1        temp = IIC_RecByte();
  19   1        IIC_SendAck(1);
  20   1        IIC_Stop();
  21   1        return temp;
  22   1      }
  23          
  24          
  25          void PCF8591_Dac(unsigned char dat)
  26          {
  27   1        IIC_Start();
  28   1        IIC_SendByte(0x90);
  29   1        IIC_WaitAck();
  30   1      
  31   1        IIC_SendByte(0x43);       // 允许DAC，ADC通道3
  32   1        IIC_WaitAck();
  33   1      
  34   1        IIC_SendByte(dat);        // dat-输出数模转换的数据
  35   1        IIC_WaitAck();
  36   1        IIC_Stop();
  37   1      }
  38          
  39          


MODULE INFORMATION:   STATIC OVERLAYABLE
   CODE SIZE        =     78    ----
   CONSTANT SIZE    =   ----    ----
   XDATA SIZE       =   ----    ----
   PDATA SIZE       =   ----    ----
   DATA SIZE        =   ----       2
   IDATA SIZE       =   ----    ----
   BIT SIZE         =   ----    ----
END OF MODULE INFORMATION.


C51 COMPILATION COMPLETE.  0 WARNING(S),  0 ERROR(S)
