C51 COMPILER V9.60.0.0   TIMER                                                             05/30/2021 10:03:33 PAGE 1   


C51 COMPILER V9.60.0.0, COMPILATION OF MODULE TIMER
OBJECT MODULE PLACED IN timer.obj
COMPILER INVOKED BY: D:\Software\keil5\C51\BIN\C51.EXE driver\timer.c OPTIMIZE(8,SPEED) BROWSE INCDIR(.\driver) DEBUG OB
                    -JECTEXTEND PRINT(.\timer.lst) TABS(2) OBJECT(timer.obj)

line level    source

   1          #include "timer.h"
   2          unsigned char time_500ms = 0;
   3          void timer1_init()
   4          {
   5   1          AUXR &= 0xBF;//配置定时器1为12分频
   6   1          TMOD &= 0x0F;//配置定时器1工作在模式0，使用定时器，打开定时器
   7   1          TL1 = (65536-1000)%256;
   8   1          TH1 = (65536-1000)/256;
   9   1          TF1 = 0;
  10   1          TR1 = 1;
  11   1          //TCON = TCON & 0x7F | 0x40;
  12   1          //IE |= 1<<3;
  13   1          ET1 = 1;
  14   1          EA = 1;
  15   1      }
  16          
  17          
  18          //超声波的定时器
  19          void timer0_init()
  20          {
  21   1          AUXR &= 0x7F;
  22   1          TMOD &= 0xF0;
  23   1          TL0 = 0xF4;
  24   1          TH0 = 0xFF;
  25   1          TF0 = 0;
  26   1          TR0 = 0;
  27   1      }
  28          
  29          void timer_1(void)interrupt 3
  30          {
  31   1        static int ms = 0;
  32   1        static int sec = 0;
  33   1        static int cnt = 0;
  34   1        ms++;
  35   1        if(++cnt == 8) cnt = 0;
  36   1        if(!(ms % 500))
  37   1        {
  38   2          
  39   2          time_500ms = 1;
  40   2        }
  41   1        seg_display(cnt, display[cnt], 0);
  42   1      }
*** WARNING C280 IN LINE 32 OF driver\timer.c: 'sec': unreferenced local variable
  43          
  44          


MODULE INFORMATION:   STATIC OVERLAYABLE
   CODE SIZE        =    151    ----
   CONSTANT SIZE    =   ----    ----
   XDATA SIZE       =   ----    ----
   PDATA SIZE       =   ----    ----
   DATA SIZE        =      7    ----
   IDATA SIZE       =   ----    ----
C51 COMPILER V9.60.0.0   TIMER                                                             05/30/2021 10:03:33 PAGE 2   

   BIT SIZE         =   ----    ----
END OF MODULE INFORMATION.


C51 COMPILATION COMPLETE.  1 WARNING(S),  0 ERROR(S)
