C51 COMPILER V9.60.0.0   ULTRASONIC                                                        05/30/2021 10:37:44 PAGE 1   


C51 COMPILER V9.60.0.0, COMPILATION OF MODULE ULTRASONIC
OBJECT MODULE PLACED IN ultrasonic.obj
COMPILER INVOKED BY: D:\Software\keil5\C51\BIN\C51.EXE driver\ultrasonic.c OPTIMIZE(8,SPEED) BROWSE INCDIR(.\driver) DEB
                    -UG OBJECTEXTEND PRINT(.\ultrasonic.lst) TABS(2) OBJECT(ultrasonic.obj)

line level    source

   1          #include "ultrasonic.h"
   2          unsigned int wave_recv(void)
   3          {
   4   1          unsigned int ucDist;
   5   1          ULTRA_TX = 0;//trig管脚输出的是1
   6   1          TL0 = 0xF4;
   7   1          TH0 = 0xFF;
   8   1          TR0 = 1;
   9   1          
  10   1          while(!TF0);
  11   1          ULTRA_TX ^= 1;
  12   1          TF0 = 0;
  13   1          
  14   1          TR0 = 0;
  15   1          TL0 = 0;
  16   1          TH0 = 0;
  17   1          if(ULTRA_RX)
  18   1            TR0 = 1;
  19   1          while(ULTRA_RX && !TF0);
  20   1          TR0 = 0;
  21   1          if(TF0){
  22   2              TF0 = 0;
  23   2              ucDist = 255;
  24   2          }else{
  25   2              ucDist = ((TH0<<8)+TL0)*0.017;
  26   2          }
  27   1          return ucDist;
  28   1      }
  29          
  30          


MODULE INFORMATION:   STATIC OVERLAYABLE
   CODE SIZE        =     82    ----
   CONSTANT SIZE    =   ----    ----
   XDATA SIZE       =   ----    ----
   PDATA SIZE       =   ----    ----
   DATA SIZE        =   ----    ----
   IDATA SIZE       =   ----    ----
   BIT SIZE         =   ----    ----
END OF MODULE INFORMATION.


C51 COMPILATION COMPLETE.  0 WARNING(S),  0 ERROR(S)
